=== skew tent, exact interval computation ===
a=0.6 m=1 delta=2^-6 lam=0.673 pred k*~ 6.2 meas~9  N_last=0.558
a=0.6 m=1 delta=2^-10 lam=0.673 pred k*~10.3 meas~14  N_last=0.557
a=0.6 m=1 delta=2^-14 lam=0.673 pred k*~14.4 meas~nan  N_last=0.482
a=0.6 m=2 delta=2^-6 lam=0.673 pred k*~ 6.2 meas~7  N_last=0.590
a=0.6 m=2 delta=2^-10 lam=0.673 pred k*~10.3 meas~11  N_last=0.590
   N_k   : [0.003 0.006 0.011 0.023 0.047 0.09  0.17  0.28  0.398 0.49  0.537 0.563
 0.577 0.585 0.588 0.59 ]
   abar_k: [1.383 0.788 0.678 0.6   0.551 0.505 0.424 0.313 0.195 0.101 0.055 0.028
 0.014 0.007 0.003 0.002]
a=0.6 m=2 delta=2^-14 lam=0.673 pred k*~14.4 meas~15  N_last=0.560
a=0.75 m=1 delta=2^-6 lam=0.562 pred k*~ 7.4 meas~11  N_last=0.434
a=0.75 m=1 delta=2^-10 lam=0.562 pred k*~12.3 meas~nan  N_last=0.415
a=0.75 m=1 delta=2^-14 lam=0.562 pred k*~17.3 meas~nan  N_last=0.240
a=0.75 m=2 delta=2^-6 lam=0.562 pred k*~ 7.4 meas~8  N_last=0.554
a=0.75 m=2 delta=2^-10 lam=0.562 pred k*~12.3 meas~14  N_last=0.540
   N_k   : [0.    0.    0.    0.    0.056 0.085 0.146 0.215 0.279 0.341 0.394 0.453
 0.478 0.509 0.525 0.54 ]
   abar_k: [1.386 0.801 0.719 0.629 0.544 0.497 0.423 0.351 0.284 0.222 0.168 0.109
 0.084 0.053 0.038 0.022]
a=0.75 m=2 delta=2^-14 lam=0.562 pred k*~17.3 meas~nan  N_last=0.384
