# Captured stdout of item5b_baker.py, certification run 2026-08-16 (seed rng(7), N=1e7).

== DEGENERATE x=[u>=0.5] (constant along v) ==  (lam=0.6730)
 k= 1  I[S;W0k]= 0.6931  I[S;W1k]= 0.6670  N_k= 0.0261  (half:  0.0261, d=0.0001)
 k= 2  I[S;W0k]= 1.3400  I[S;W1k]= 1.2986  N_k= 0.0414  (half:  0.0413, d=0.0001)
 k= 3  I[S;W0k]= 1.9438  I[S;W1k]= 1.8565  N_k= 0.0873  (half:  0.0872, d=0.0001)
 k= 4  I[S;W0k]= 2.4719  I[S;W1k]= 2.2893  N_k= 0.1826  (half:  0.1830, d=0.0004)
 k= 5  I[S;W0k]= 2.9046  I[S;W1k]= 2.6002  N_k= 0.3045  (half:  0.3044, d=0.0000)
 k= 6  I[S;W0k]= 3.2144  I[S;W1k]= 2.8223  N_k= 0.3921  (half:  0.3921, d=0.0000)
 k= 7  I[S;W0k]= 3.4364  I[S;W1k]= 2.9435  N_k= 0.4929  (half:  0.4929, d=0.0000)
 k= 8  I[S;W0k]= 3.5574  I[S;W1k]= 2.9985  N_k= 0.5589  (half:  0.5589, d=0.0001)
 k= 9  I[S;W0k]= 3.6123  I[S;W1k]= 3.0279  N_k= 0.5844  (half:  0.5844, d=0.0000)
 k=10  I[S;W0k]= 3.6417  I[S;W1k]= 3.0452  N_k= 0.5965  (half:  0.5966, d=0.0001)
 k=11  I[S;W0k]= 3.6590  I[S;W1k]= 3.0530  N_k= 0.6060  (half:  0.6059, d=0.0001)
 k=12  I[S;W0k]= 3.6668  I[S;W1k]= 3.0575  N_k= 0.6092  (half:  0.6084, d=0.0009)
 k=13  I[S;W0k]= 3.6713  I[S;W1k]= 3.0612  N_k= 0.6101  (half:  0.6047, d=0.0054)
 k=14  I[S;W0k]= 3.6749  I[S;W1k]= 3.0679  N_k= 0.6070  (half:  0.5866, d=0.0205)

== GENERIC x=[frac(u+0.618v)>=0.5] ==  (lam=0.6730)
 k= 1  I[S;W0k]= 0.6743  I[S;W1k]= 0.6559  N_k= 0.0183  (half:  0.0183, d=0.0001)
 k= 2  I[S;W0k]= 1.2471  I[S;W1k]= 1.1956  N_k= 0.0515  (half:  0.0517, d=0.0001)
 k= 3  I[S;W0k]= 1.7862  I[S;W1k]= 1.6737  N_k= 0.1124  (half:  0.1122, d=0.0002)
 k= 4  I[S;W0k]= 2.2645  I[S;W1k]= 2.0526  N_k= 0.2119  (half:  0.2119, d=0.0000)
 k= 5  I[S;W0k]= 2.6409  I[S;W1k]= 2.3157  N_k= 0.3252  (half:  0.3252, d=0.0001)
 k= 6  I[S;W0k]= 2.8990  I[S;W1k]= 2.4987  N_k= 0.4003  (half:  0.4004, d=0.0001)
 k= 7  I[S;W0k]= 3.0806  I[S;W1k]= 2.6384  N_k= 0.4422  (half:  0.4422, d=0.0001)
 k= 8  I[S;W0k]= 3.2185  I[S;W1k]= 2.7284  N_k= 0.4901  (half:  0.4900, d=0.0001)
 k= 9  I[S;W0k]= 3.3063  I[S;W1k]= 2.7923  N_k= 0.5140  (half:  0.5138, d=0.0002)
 k=10  I[S;W0k]= 3.3685  I[S;W1k]= 2.8432  N_k= 0.5253  (half:  0.5249, d=0.0004)
 k=11  I[S;W0k]= 3.4178  I[S;W1k]= 2.8826  N_k= 0.5353  (half:  0.5341, d=0.0012)
 k=12  I[S;W0k]= 3.4557  I[S;W1k]= 2.9148  N_k= 0.5410  (half:  0.5372, d=0.0037)
 k=13  I[S;W0k]= 3.4865  I[S;W1k]= 2.9437  N_k= 0.5428  (half:  0.5335, d=0.0093)
 k=14  I[S;W0k]= 3.5145  I[S;W1k]= 2.9761  N_k= 0.5385  (half:  0.5173, d=0.0211)

Summary: deg tail mean(k=10..14) = 0.6058  vs lam = 0.673
         gen tail mean(k=10..14) = 0.5366
         gen peak = 0.5428 at k = 13
